============================================================
  Generated by:           Genus(TM) Synthesis Solution 21.14-s082_1
  Generated on:           Sep 29 2026  12:42:26 pm
  Module:                 priority_encoder_8to3_top
  Operating conditions:   slow (balanced_tree)
  Wireload mode:          enclosed
  Area mode:              timing library
============================================================

                             
  Gate    Instances   Area    Library  
---------------------------------------
AOI21XL           1   13.306    tsmc18 
INVX1             1    6.653    tsmc18 
INVXL             5   33.264    tsmc18 
MX2XL             2   53.222    tsmc18 
NAND2BXL          1   13.306    tsmc18 
NAND2XL           1    9.979    tsmc18 
NAND3BXL          2   33.264    tsmc18 
NOR3XL            1   13.306    tsmc18 
OAI21XL           2   26.611    tsmc18 
OAI221XL          1   23.285    tsmc18 
OR2X1             2   26.611    tsmc18 
OR2XL             1   13.306    tsmc18 
OR3XL             2   33.264    tsmc18 
OR4X1             1   19.958    tsmc18 
---------------------------------------
total            23  319.334           


                                        
     Type      Instances   Area  Area % 
----------------------------------------
inverter               6  39.917   12.5 
logic                 17 279.418   87.5 
physical_cells         0   0.000    0.0 
----------------------------------------
total                 23 319.334  100.0 

