============================================================
  Generated by:           Genus(TM) Synthesis Solution 21.14-s082_1
  Generated on:           Sep 29 2026  12:42:26 pm
  Module:                 priority_encoder_8to3_top
  Operating conditions:   slow (balanced_tree)
  Wireload mode:          enclosed
  Area mode:              timing library
============================================================

Timing
-------
  Cost    Critical         Violating 
 Group   Path Slack  TNS     Paths   
-------------------------------------
default    No paths   0.0            
-------------------------------------
Total                 0.0          0 

Instance Count
--------------
Leaf Instance Count             23 
Physical Instance count          0 
Sequential Instance Count        0 
Combinational Instance Count    23 
Hierarchical Instance Count      4 

Area
----
Cell Area                          319.334
Physical Cell Area                 0.000
Total Cell Area (Cell+Physical)    319.334
Net Area                           0.000
Total Area (Cell+Physical+Net)     319.334

Max Fanout                         5 (I[2])
Min Fanout                         1 (VALID_rtl)
Average Fanout                     2.0
Terms to net ratio                 2.5161
Terms to instance ratio            3.3913
Runtime                            5.980468 seconds
Elapsed Runtime                    7 seconds
Genus peak memory usage            1522.45 
Innovus peak memory usage          no_value 
Hostname                           localhost
