============================================================
  Generated by:           Genus(TM) Synthesis Solution 21.14-s082_1
  Generated on:           Sep 29 2026  12:42:26 pm
  Module:                 priority_encoder_8to3_top
  Operating conditions:   slow (balanced_tree)
  Wireload mode:          enclosed
  Area mode:              timing library
============================================================


Path 1: UNCONSTRAINED
     Startpoint: (F) I[6]
       Endpoint: (R) Y_structural[0]

                   Capture    Launch  
      Drv Adjust:+       0         0  
                                      
       Data Path:-     897            

#-----------------------------------------------------------------------------------------------------
#        Timing Point          Flags   Arc   Edge   Cell     Fanout Load Trans Delay Arrival Instance 
#                                                                   (fF)  (ps)  (ps)   (ps)  Location 
#-----------------------------------------------------------------------------------------------------
  I[6]                         -       -     F     (arrival)      5 14.2     0     0       0    (-,-) 
  STRUCTURAL/UPPER/g52__7098/Y -       B->Y  F     OR2X1          2  5.1    98   249     249    (-,-) 
  STRUCTURAL/UPPER/g50__5122/Y -       A->Y  F     OR3XL          4 14.6   216   384     634    (-,-) 
  STRUCTURAL/g66__1881/Y       -       S0->Y R     MX2XL          1  0.0    66   263     897    (-,-) 
  Y_structural[0]              -       -     R     (port)         -    -     -     0     897    (-,-) 
#-----------------------------------------------------------------------------------------------------

